// Jest Snapshot v1, https://goo.gl/fbAQLP

exports[`ByVillagerDetails component matches a snapshot 1`] = `
<DocumentFragment>
  <div
    class="VillagerDetails"
  >
    <h1 />
    <img />
    <figcaption>
      <p />
      <p />
      <p />
      <p />
    </figcaption>
    <a
      href="/"
    >
      List Page
    </a>
  </div>
</DocumentFragment>
`;
