// Jest Snapshot v1, https://goo.gl/fbAQLP

exports[`VillagerList component matches a snapshot 1`] = `
<DocumentFragment>
  <ul
    data-testid="villagers"
  >
    <li>
      <a
        href="/details/1"
      >
        <figure
          class="Villager"
        >
          <p>
            name
          </p>
          <img
            alt="name"
            src="https://image.com"
          />
          <figcaption>
            <p>
              quote
            </p>
          </figcaption>
        </figure>
      </a>
    </li>
    <li>
      <a
        href="/details/3"
      >
        <figure
          class="Villager"
        >
          <p>
            name
          </p>
          <img
            alt="name"
            src="https://image.com"
          />
          <figcaption>
            <p>
              quote
            </p>
          </figcaption>
        </figure>
      </a>
    </li>
    <li>
      <a
        href="/details/2"
      >
        <figure
          class="Villager"
        >
          <p>
            name
          </p>
          <img
            alt="name"
            src="https://image.com"
          />
          <figcaption>
            <p>
              quote
            </p>
          </figcaption>
        </figure>
      </a>
    </li>
  </ul>
</DocumentFragment>
`;
